Archive member included because of file (symbol)

c:/users/mazak/desktop/mostafa/softwares/nti/eclipse/sdk_win_64/sdk_win_64/winavr/bin/../lib/gcc/avr/4.3.3/avr5\libgcc.a(_udivmodhi4.o)
                              ./HAL/SEVENSEGMENT_Driver/SEVENSEGMENT_Program.o (__udivmodhi4)
c:/users/mazak/desktop/mostafa/softwares/nti/eclipse/sdk_win_64/sdk_win_64/winavr/bin/../lib/gcc/avr/4.3.3/avr5\libgcc.a(_divmodsi4.o)
                              ./HAL/LCD_Driver/LCD_Program.o (__divmodsi4)
c:/users/mazak/desktop/mostafa/softwares/nti/eclipse/sdk_win_64/sdk_win_64/winavr/bin/../lib/gcc/avr/4.3.3/avr5\libgcc.a(_exit.o)
                              c:/users/mazak/desktop/mostafa/softwares/nti/eclipse/sdk_win_64/sdk_win_64/winavr/bin/../lib/gcc/avr/4.3.3/../../../../avr/lib/avr5/crtm32.o (exit)
c:/users/mazak/desktop/mostafa/softwares/nti/eclipse/sdk_win_64/sdk_win_64/winavr/bin/../lib/gcc/avr/4.3.3/avr5\libgcc.a(_copy_data.o)
                              ./HAL/SEVENSEGMENT_Driver/SEVENSEGMENT_Program.o (__do_copy_data)
c:/users/mazak/desktop/mostafa/softwares/nti/eclipse/sdk_win_64/sdk_win_64/winavr/bin/../lib/gcc/avr/4.3.3/avr5\libgcc.a(_fixunssfsi.o)
                              ./HAL/SEVENSEGMENT_Driver/SEVENSEGMENT_Program.o (__fixunssfsi)
c:/users/mazak/desktop/mostafa/softwares/nti/eclipse/sdk_win_64/sdk_win_64/winavr/bin/../lib/gcc/avr/4.3.3/avr5\libgcc.a(_addsub_sf.o)
                              ./HAL/LCD_Driver/LCD_Program.o (__subsf3)
c:/users/mazak/desktop/mostafa/softwares/nti/eclipse/sdk_win_64/sdk_win_64/winavr/bin/../lib/gcc/avr/4.3.3/avr5\libgcc.a(_mul_sf.o)
                              ./HAL/SEVENSEGMENT_Driver/SEVENSEGMENT_Program.o (__mulsf3)
c:/users/mazak/desktop/mostafa/softwares/nti/eclipse/sdk_win_64/sdk_win_64/winavr/bin/../lib/gcc/avr/4.3.3/avr5\libgcc.a(_div_sf.o)
                              ./HAL/LCD_Driver/LCD_Program.o (__divsf3)
c:/users/mazak/desktop/mostafa/softwares/nti/eclipse/sdk_win_64/sdk_win_64/winavr/bin/../lib/gcc/avr/4.3.3/avr5\libgcc.a(_eq_sf.o)
                              ./HAL/LCD_Driver/LCD_Program.o (__eqsf2)
c:/users/mazak/desktop/mostafa/softwares/nti/eclipse/sdk_win_64/sdk_win_64/winavr/bin/../lib/gcc/avr/4.3.3/avr5\libgcc.a(_gt_sf.o)
                              ./HAL/SEVENSEGMENT_Driver/SEVENSEGMENT_Program.o (__gtsf2)
c:/users/mazak/desktop/mostafa/softwares/nti/eclipse/sdk_win_64/sdk_win_64/winavr/bin/../lib/gcc/avr/4.3.3/avr5\libgcc.a(_ge_sf.o)
                              c:/users/mazak/desktop/mostafa/softwares/nti/eclipse/sdk_win_64/sdk_win_64/winavr/bin/../lib/gcc/avr/4.3.3/avr5\libgcc.a(_fixunssfsi.o) (__gesf2)
c:/users/mazak/desktop/mostafa/softwares/nti/eclipse/sdk_win_64/sdk_win_64/winavr/bin/../lib/gcc/avr/4.3.3/avr5\libgcc.a(_lt_sf.o)
                              ./HAL/SEVENSEGMENT_Driver/SEVENSEGMENT_Program.o (__ltsf2)
c:/users/mazak/desktop/mostafa/softwares/nti/eclipse/sdk_win_64/sdk_win_64/winavr/bin/../lib/gcc/avr/4.3.3/avr5\libgcc.a(_si_to_sf.o)
                              ./Application/main.o (__floatsisf)
c:/users/mazak/desktop/mostafa/softwares/nti/eclipse/sdk_win_64/sdk_win_64/winavr/bin/../lib/gcc/avr/4.3.3/avr5\libgcc.a(_sf_to_si.o)
                              ./Application/main.o (__fixsfsi)
c:/users/mazak/desktop/mostafa/softwares/nti/eclipse/sdk_win_64/sdk_win_64/winavr/bin/../lib/gcc/avr/4.3.3/avr5\libgcc.a(_thenan_sf.o)
                              c:/users/mazak/desktop/mostafa/softwares/nti/eclipse/sdk_win_64/sdk_win_64/winavr/bin/../lib/gcc/avr/4.3.3/avr5\libgcc.a(_addsub_sf.o) (__thenan_sf)
c:/users/mazak/desktop/mostafa/softwares/nti/eclipse/sdk_win_64/sdk_win_64/winavr/bin/../lib/gcc/avr/4.3.3/avr5\libgcc.a(_usi_to_sf.o)
                              ./HAL/LCD_Driver/LCD_Program.o (__floatunsisf)
c:/users/mazak/desktop/mostafa/softwares/nti/eclipse/sdk_win_64/sdk_win_64/winavr/bin/../lib/gcc/avr/4.3.3/avr5\libgcc.a(_udivmodsi4.o)
                              c:/users/mazak/desktop/mostafa/softwares/nti/eclipse/sdk_win_64/sdk_win_64/winavr/bin/../lib/gcc/avr/4.3.3/avr5\libgcc.a(_divmodsi4.o) (__udivmodsi4)
c:/users/mazak/desktop/mostafa/softwares/nti/eclipse/sdk_win_64/sdk_win_64/winavr/bin/../lib/gcc/avr/4.3.3/avr5\libgcc.a(_prologue.o)
                              c:/users/mazak/desktop/mostafa/softwares/nti/eclipse/sdk_win_64/sdk_win_64/winavr/bin/../lib/gcc/avr/4.3.3/avr5\libgcc.a(_addsub_sf.o) (__prologue_saves__)
c:/users/mazak/desktop/mostafa/softwares/nti/eclipse/sdk_win_64/sdk_win_64/winavr/bin/../lib/gcc/avr/4.3.3/avr5\libgcc.a(_epilogue.o)
                              c:/users/mazak/desktop/mostafa/softwares/nti/eclipse/sdk_win_64/sdk_win_64/winavr/bin/../lib/gcc/avr/4.3.3/avr5\libgcc.a(_addsub_sf.o) (__epilogue_restores__)
c:/users/mazak/desktop/mostafa/softwares/nti/eclipse/sdk_win_64/sdk_win_64/winavr/bin/../lib/gcc/avr/4.3.3/avr5\libgcc.a(_clzsi2.o)
                              c:/users/mazak/desktop/mostafa/softwares/nti/eclipse/sdk_win_64/sdk_win_64/winavr/bin/../lib/gcc/avr/4.3.3/avr5\libgcc.a(_si_to_sf.o) (__clzsi2)
c:/users/mazak/desktop/mostafa/softwares/nti/eclipse/sdk_win_64/sdk_win_64/winavr/bin/../lib/gcc/avr/4.3.3/avr5\libgcc.a(_pack_sf.o)
                              c:/users/mazak/desktop/mostafa/softwares/nti/eclipse/sdk_win_64/sdk_win_64/winavr/bin/../lib/gcc/avr/4.3.3/avr5\libgcc.a(_addsub_sf.o) (__pack_f)
c:/users/mazak/desktop/mostafa/softwares/nti/eclipse/sdk_win_64/sdk_win_64/winavr/bin/../lib/gcc/avr/4.3.3/avr5\libgcc.a(_unpack_sf.o)
                              c:/users/mazak/desktop/mostafa/softwares/nti/eclipse/sdk_win_64/sdk_win_64/winavr/bin/../lib/gcc/avr/4.3.3/avr5\libgcc.a(_addsub_sf.o) (__unpack_f)
c:/users/mazak/desktop/mostafa/softwares/nti/eclipse/sdk_win_64/sdk_win_64/winavr/bin/../lib/gcc/avr/4.3.3/avr5\libgcc.a(_fpcmp_parts_sf.o)
                              c:/users/mazak/desktop/mostafa/softwares/nti/eclipse/sdk_win_64/sdk_win_64/winavr/bin/../lib/gcc/avr/4.3.3/avr5\libgcc.a(_eq_sf.o) (__fpcmp_parts_f)
c:/users/mazak/desktop/mostafa/softwares/nti/eclipse/sdk_win_64/sdk_win_64/winavr/bin/../lib/gcc/avr/4.3.3/avr5\libgcc.a(_clz.o)
                              c:/users/mazak/desktop/mostafa/softwares/nti/eclipse/sdk_win_64/sdk_win_64/winavr/bin/../lib/gcc/avr/4.3.3/avr5\libgcc.a(_clzsi2.o) (__clz_tab)

Memory Configuration

Name             Origin             Length             Attributes
text             0x00000000         0x00020000         xr
data             0x00800060         0x0000ffa0         rw !x
eeprom           0x00810000         0x00010000         rw !x
fuse             0x00820000         0x00000400         rw !x
lock             0x00830000         0x00000400         rw !x
signature        0x00840000         0x00000400         rw !x
*default*        0x00000000         0xffffffff

Linker script and memory map

LOAD c:/users/mazak/desktop/mostafa/softwares/nti/eclipse/sdk_win_64/sdk_win_64/winavr/bin/../lib/gcc/avr/4.3.3/../../../../avr/lib/avr5/crtm32.o
LOAD ./MCAL/DIO_Driver/DIO_Program.o
LOAD ./HAL/SEVENSEGMENT_Driver/SEVENSEGMENT_Program.o
LOAD ./HAL/LCD_Driver/LCD_Program.o
LOAD ./HAL/KEYPAD_Driver/KEYPAD_Program.o
LOAD ./Application/main.o
LOAD c:/users/mazak/desktop/mostafa/softwares/nti/eclipse/sdk_win_64/sdk_win_64/winavr/bin/../lib/gcc/avr/4.3.3/avr5\libgcc.a
LOAD c:/users/mazak/desktop/mostafa/softwares/nti/eclipse/sdk_win_64/sdk_win_64/winavr/bin/../lib/gcc/avr/4.3.3/../../../../avr/lib/avr5\libc.a
LOAD c:/users/mazak/desktop/mostafa/softwares/nti/eclipse/sdk_win_64/sdk_win_64/winavr/bin/../lib/gcc/avr/4.3.3/avr5\libgcc.a

.hash
 *(.hash)

.dynsym
 *(.dynsym)

.dynstr
 *(.dynstr)

.gnu.version
 *(.gnu.version)

.gnu.version_d
 *(.gnu.version_d)

.gnu.version_r
 *(.gnu.version_r)

.rel.init
 *(.rel.init)

.rela.init
 *(.rela.init)

.rel.text
 *(.rel.text)
 *(.rel.text.*)
 *(.rel.gnu.linkonce.t*)

.rela.text
 *(.rela.text)
 *(.rela.text.*)
 *(.rela.gnu.linkonce.t*)

.rel.fini
 *(.rel.fini)

.rela.fini
 *(.rela.fini)

.rel.rodata
 *(.rel.rodata)
 *(.rel.rodata.*)
 *(.rel.gnu.linkonce.r*)

.rela.rodata
 *(.rela.rodata)
 *(.rela.rodata.*)
 *(.rela.gnu.linkonce.r*)

.rel.data
 *(.rel.data)
 *(.rel.data.*)
 *(.rel.gnu.linkonce.d*)

.rela.data
 *(.rela.data)
 *(.rela.data.*)
 *(.rela.gnu.linkonce.d*)

.rel.ctors
 *(.rel.ctors)

.rela.ctors
 *(.rela.ctors)

.rel.dtors
 *(.rel.dtors)

.rela.dtors
 *(.rela.dtors)

.rel.got
 *(.rel.got)

.rela.got
 *(.rela.got)

.rel.bss
 *(.rel.bss)

.rela.bss
 *(.rela.bss)

.rel.plt
 *(.rel.plt)

.rela.plt
 *(.rela.plt)

.text           0x00000000     0x3b34
 *(.vectors)
 .vectors       0x00000000       0x54 c:/users/mazak/desktop/mostafa/softwares/nti/eclipse/sdk_win_64/sdk_win_64/winavr/bin/../lib/gcc/avr/4.3.3/../../../../avr/lib/avr5/crtm32.o
                0x00000000                __vectors
                0x00000000                __vector_default
 *(.vectors)
 *(.progmem.gcc*)
 *(.progmem*)
                0x00000054                . = ALIGN (0x2)
                0x00000054                __trampolines_start = .
 *(.trampolines)
 .trampolines   0x00000054        0x0 linker stubs
 *(.trampolines*)
                0x00000054                __trampolines_end = .
 *(.jumptables)
 *(.jumptables*)
 *(.lowtext)
 *(.lowtext*)
                0x00000054                __ctors_start = .
 *(.ctors)
                0x00000054                __ctors_end = .
                0x00000054                __dtors_start = .
 *(.dtors)
                0x00000054                __dtors_end = .
 SORT(*)(.ctors)
 SORT(*)(.dtors)
 *(.init0)
 .init0         0x00000054        0x0 c:/users/mazak/desktop/mostafa/softwares/nti/eclipse/sdk_win_64/sdk_win_64/winavr/bin/../lib/gcc/avr/4.3.3/../../../../avr/lib/avr5/crtm32.o
                0x00000054                __init
 *(.init0)
 *(.init1)
 *(.init1)
 *(.init2)
 .init2         0x00000054        0xc c:/users/mazak/desktop/mostafa/softwares/nti/eclipse/sdk_win_64/sdk_win_64/winavr/bin/../lib/gcc/avr/4.3.3/../../../../avr/lib/avr5/crtm32.o
 *(.init2)
 *(.init3)
 *(.init3)
 *(.init4)
 .init4         0x00000060       0x16 c:/users/mazak/desktop/mostafa/softwares/nti/eclipse/sdk_win_64/sdk_win_64/winavr/bin/../lib/gcc/avr/4.3.3/avr5\libgcc.a(_copy_data.o)
                0x00000060                __do_copy_data
 *(.init4)
 *(.init5)
 *(.init5)
 *(.init6)
 *(.init6)
 *(.init7)
 *(.init7)
 *(.init8)
 *(.init8)
 *(.init9)
 .init9         0x00000076        0x8 c:/users/mazak/desktop/mostafa/softwares/nti/eclipse/sdk_win_64/sdk_win_64/winavr/bin/../lib/gcc/avr/4.3.3/../../../../avr/lib/avr5/crtm32.o
 *(.init9)
 *(.text)
 .text          0x0000007e        0x4 c:/users/mazak/desktop/mostafa/softwares/nti/eclipse/sdk_win_64/sdk_win_64/winavr/bin/../lib/gcc/avr/4.3.3/../../../../avr/lib/avr5/crtm32.o
                0x0000007e                __vector_1
                0x0000007e                __vector_12
                0x0000007e                __bad_interrupt
                0x0000007e                __vector_6
                0x0000007e                __vector_3
                0x0000007e                __vector_11
                0x0000007e                __vector_13
                0x0000007e                __vector_17
                0x0000007e                __vector_19
                0x0000007e                __vector_7
                0x0000007e                __vector_5
                0x0000007e                __vector_4
                0x0000007e                __vector_9
                0x0000007e                __vector_2
                0x0000007e                __vector_15
                0x0000007e                __vector_8
                0x0000007e                __vector_14
                0x0000007e                __vector_10
                0x0000007e                __vector_16
                0x0000007e                __vector_18
                0x0000007e                __vector_20
 .text          0x00000082        0x0 ./MCAL/DIO_Driver/DIO_Program.o
 .text          0x00000082        0x0 ./HAL/SEVENSEGMENT_Driver/SEVENSEGMENT_Program.o
 .text          0x00000082        0x0 ./HAL/LCD_Driver/LCD_Program.o
 .text          0x00000082        0x0 ./HAL/KEYPAD_Driver/KEYPAD_Program.o
 .text          0x00000082        0x0 ./Application/main.o
 .text          0x00000082        0x0 c:/users/mazak/desktop/mostafa/softwares/nti/eclipse/sdk_win_64/sdk_win_64/winavr/bin/../lib/gcc/avr/4.3.3/avr5\libgcc.a(_udivmodhi4.o)
 .text          0x00000082        0x0 c:/users/mazak/desktop/mostafa/softwares/nti/eclipse/sdk_win_64/sdk_win_64/winavr/bin/../lib/gcc/avr/4.3.3/avr5\libgcc.a(_divmodsi4.o)
 .text          0x00000082        0x0 c:/users/mazak/desktop/mostafa/softwares/nti/eclipse/sdk_win_64/sdk_win_64/winavr/bin/../lib/gcc/avr/4.3.3/avr5\libgcc.a(_exit.o)
 .text          0x00000082        0x0 c:/users/mazak/desktop/mostafa/softwares/nti/eclipse/sdk_win_64/sdk_win_64/winavr/bin/../lib/gcc/avr/4.3.3/avr5\libgcc.a(_copy_data.o)
 .text          0x00000082       0x58 c:/users/mazak/desktop/mostafa/softwares/nti/eclipse/sdk_win_64/sdk_win_64/winavr/bin/../lib/gcc/avr/4.3.3/avr5\libgcc.a(_fixunssfsi.o)
                0x00000082                __fixunssfsi
 .text          0x000000da      0x354 c:/users/mazak/desktop/mostafa/softwares/nti/eclipse/sdk_win_64/sdk_win_64/winavr/bin/../lib/gcc/avr/4.3.3/avr5\libgcc.a(_addsub_sf.o)
                0x00000372                __subsf3
                0x000003d4                __addsf3
 .text          0x0000042e      0x1f4 c:/users/mazak/desktop/mostafa/softwares/nti/eclipse/sdk_win_64/sdk_win_64/winavr/bin/../lib/gcc/avr/4.3.3/avr5\libgcc.a(_mul_sf.o)
                0x0000042e                __mulsf3
 .text          0x00000622      0x158 c:/users/mazak/desktop/mostafa/softwares/nti/eclipse/sdk_win_64/sdk_win_64/winavr/bin/../lib/gcc/avr/4.3.3/avr5\libgcc.a(_div_sf.o)
                0x00000622                __divsf3
 .text          0x0000077a       0x60 c:/users/mazak/desktop/mostafa/softwares/nti/eclipse/sdk_win_64/sdk_win_64/winavr/bin/../lib/gcc/avr/4.3.3/avr5\libgcc.a(_eq_sf.o)
                0x0000077a                __eqsf2
 .text          0x000007da       0x60 c:/users/mazak/desktop/mostafa/softwares/nti/eclipse/sdk_win_64/sdk_win_64/winavr/bin/../lib/gcc/avr/4.3.3/avr5\libgcc.a(_gt_sf.o)
                0x000007da                __gtsf2
 .text          0x0000083a       0x60 c:/users/mazak/desktop/mostafa/softwares/nti/eclipse/sdk_win_64/sdk_win_64/winavr/bin/../lib/gcc/avr/4.3.3/avr5\libgcc.a(_ge_sf.o)
                0x0000083a                __gesf2
 .text          0x0000089a       0x60 c:/users/mazak/desktop/mostafa/softwares/nti/eclipse/sdk_win_64/sdk_win_64/winavr/bin/../lib/gcc/avr/4.3.3/avr5\libgcc.a(_lt_sf.o)
                0x0000089a                __ltsf2
 .text          0x000008fa       0xbc c:/users/mazak/desktop/mostafa/softwares/nti/eclipse/sdk_win_64/sdk_win_64/winavr/bin/../lib/gcc/avr/4.3.3/avr5\libgcc.a(_si_to_sf.o)
                0x000008fa                __floatsisf
 .text          0x000009b6       0xa8 c:/users/mazak/desktop/mostafa/softwares/nti/eclipse/sdk_win_64/sdk_win_64/winavr/bin/../lib/gcc/avr/4.3.3/avr5\libgcc.a(_sf_to_si.o)
                0x000009b6                __fixsfsi
 .text          0x00000a5e        0x0 c:/users/mazak/desktop/mostafa/softwares/nti/eclipse/sdk_win_64/sdk_win_64/winavr/bin/../lib/gcc/avr/4.3.3/avr5\libgcc.a(_thenan_sf.o)
 .text          0x00000a5e       0xf2 c:/users/mazak/desktop/mostafa/softwares/nti/eclipse/sdk_win_64/sdk_win_64/winavr/bin/../lib/gcc/avr/4.3.3/avr5\libgcc.a(_usi_to_sf.o)
                0x00000a5e                __floatunsisf
 .text          0x00000b50        0x0 c:/users/mazak/desktop/mostafa/softwares/nti/eclipse/sdk_win_64/sdk_win_64/winavr/bin/../lib/gcc/avr/4.3.3/avr5\libgcc.a(_udivmodsi4.o)
 .text          0x00000b50        0x0 c:/users/mazak/desktop/mostafa/softwares/nti/eclipse/sdk_win_64/sdk_win_64/winavr/bin/../lib/gcc/avr/4.3.3/avr5\libgcc.a(_prologue.o)
 .text          0x00000b50        0x0 c:/users/mazak/desktop/mostafa/softwares/nti/eclipse/sdk_win_64/sdk_win_64/winavr/bin/../lib/gcc/avr/4.3.3/avr5\libgcc.a(_epilogue.o)
 .text          0x00000b50       0x9e c:/users/mazak/desktop/mostafa/softwares/nti/eclipse/sdk_win_64/sdk_win_64/winavr/bin/../lib/gcc/avr/4.3.3/avr5\libgcc.a(_clzsi2.o)
                0x00000b50                __clzsi2
 .text          0x00000bee      0x1aa c:/users/mazak/desktop/mostafa/softwares/nti/eclipse/sdk_win_64/sdk_win_64/winavr/bin/../lib/gcc/avr/4.3.3/avr5\libgcc.a(_pack_sf.o)
                0x00000bee                __pack_f
 .text          0x00000d98       0xf0 c:/users/mazak/desktop/mostafa/softwares/nti/eclipse/sdk_win_64/sdk_win_64/winavr/bin/../lib/gcc/avr/4.3.3/avr5\libgcc.a(_unpack_sf.o)
                0x00000d98                __unpack_f
 .text          0x00000e88       0xb2 c:/users/mazak/desktop/mostafa/softwares/nti/eclipse/sdk_win_64/sdk_win_64/winavr/bin/../lib/gcc/avr/4.3.3/avr5\libgcc.a(_fpcmp_parts_sf.o)
                0x00000e88                __fpcmp_parts_f
 .text          0x00000f3a        0x0 c:/users/mazak/desktop/mostafa/softwares/nti/eclipse/sdk_win_64/sdk_win_64/winavr/bin/../lib/gcc/avr/4.3.3/avr5\libgcc.a(_clz.o)
                0x00000f3a                . = ALIGN (0x2)
 *(.text.*)
 .text.MCAL_DIO_u8_Init_Direction
                0x00000f3a      0x220 ./MCAL/DIO_Driver/DIO_Program.o
                0x00000f3a                MCAL_DIO_u8_Init_Direction
 .text.MCAL_DIO_u8_Set_Pin_Value
                0x0000115a      0x220 ./MCAL/DIO_Driver/DIO_Program.o
                0x0000115a                MCAL_DIO_u8_Set_Pin_Value
 .text.MCAL_DIO_u8_Read_Pin_Value
                0x0000137a      0x124 ./MCAL/DIO_Driver/DIO_Program.o
                0x0000137a                MCAL_DIO_u8_Read_Pin_Value
 .text.MCAL_DIO_u8_Toggle_Pin
                0x0000149e      0x116 ./MCAL/DIO_Driver/DIO_Program.o
                0x0000149e                MCAL_DIO_u8_Toggle_Pin
 .text.HAL_SEVENSEGMENT_Void_Init
                0x000015b4       0x86 ./HAL/SEVENSEGMENT_Driver/SEVENSEGMENT_Program.o
                0x000015b4                HAL_SEVENSEGMENT_Void_Init
 .text.HAL_SEVENSEGMENT_Void_Display
                0x0000163a      0x680 ./HAL/SEVENSEGMENT_Driver/SEVENSEGMENT_Program.o
                0x0000163a                HAL_SEVENSEGMENT_Void_Display
 .text.HAL_LCD_Void_Init
                0x00001cba      0x740 ./HAL/LCD_Driver/LCD_Program.o
                0x00001cba                HAL_LCD_Void_Init
 .text.HAL_LCD_Void_Send_Command
                0x000023fa      0x496 ./HAL/LCD_Driver/LCD_Program.o
                0x000023fa                HAL_LCD_Void_Send_Command
 .text.HAL_LCD_Void_Send_Char
                0x00002890      0x496 ./HAL/LCD_Driver/LCD_Program.o
                0x00002890                HAL_LCD_Void_Send_Char
 .text.HAL_LCD_Void_Send_String
                0x00002d26      0x148 ./HAL/LCD_Driver/LCD_Program.o
                0x00002d26                HAL_LCD_Void_Send_String
 .text.HAL_LCD_Void_Send_Integer
                0x00002e6e      0x20a ./HAL/LCD_Driver/LCD_Program.o
                0x00002e6e                HAL_LCD_Void_Send_Integer
 .text.HAL_LCD_Void_Send_Float
                0x00003078      0x296 ./HAL/LCD_Driver/LCD_Program.o
                0x00003078                HAL_LCD_Void_Send_Float
 .text.HAL_LCD_void_CursorPos
                0x0000330e       0x5a ./HAL/LCD_Driver/LCD_Program.o
                0x0000330e                HAL_LCD_void_CursorPos
 .text.HAL_KEYPAD_Void_Init
                0x00003368       0xae ./HAL/KEYPAD_Driver/KEYPAD_Program.o
                0x00003368                HAL_KEYPAD_Void_Init
 .text.HAL_KEYPAD_u8_Get_Pressed_Key
                0x00003416      0x23e ./HAL/KEYPAD_Driver/KEYPAD_Program.o
                0x00003416                HAL_KEYPAD_u8_Get_Pressed_Key
 .text.main     0x00003654      0x3cc ./Application/main.o
                0x00003654                main
 .text.libgcc   0x00003a20       0x28 c:/users/mazak/desktop/mostafa/softwares/nti/eclipse/sdk_win_64/sdk_win_64/winavr/bin/../lib/gcc/avr/4.3.3/avr5\libgcc.a(_udivmodhi4.o)
                0x00003a20                __udivmodhi4
 .text.libgcc   0x00003a48       0x36 c:/users/mazak/desktop/mostafa/softwares/nti/eclipse/sdk_win_64/sdk_win_64/winavr/bin/../lib/gcc/avr/4.3.3/avr5\libgcc.a(_divmodsi4.o)
                0x00003a48                __divmodsi4
 .text.libgcc   0x00003a7e        0x0 c:/users/mazak/desktop/mostafa/softwares/nti/eclipse/sdk_win_64/sdk_win_64/winavr/bin/../lib/gcc/avr/4.3.3/avr5\libgcc.a(_exit.o)
 .text.libgcc   0x00003a7e        0x0 c:/users/mazak/desktop/mostafa/softwares/nti/eclipse/sdk_win_64/sdk_win_64/winavr/bin/../lib/gcc/avr/4.3.3/avr5\libgcc.a(_copy_data.o)
 .text.libgcc   0x00003a7e       0x44 c:/users/mazak/desktop/mostafa/softwares/nti/eclipse/sdk_win_64/sdk_win_64/winavr/bin/../lib/gcc/avr/4.3.3/avr5\libgcc.a(_udivmodsi4.o)
                0x00003a7e                __udivmodsi4
 .text.libgcc   0x00003ac2       0x38 c:/users/mazak/desktop/mostafa/softwares/nti/eclipse/sdk_win_64/sdk_win_64/winavr/bin/../lib/gcc/avr/4.3.3/avr5\libgcc.a(_prologue.o)
                0x00003ac2                __prologue_saves__
 .text.libgcc   0x00003afa       0x36 c:/users/mazak/desktop/mostafa/softwares/nti/eclipse/sdk_win_64/sdk_win_64/winavr/bin/../lib/gcc/avr/4.3.3/avr5\libgcc.a(_epilogue.o)
                0x00003afa                __epilogue_restores__
                0x00003b30                . = ALIGN (0x2)
 *(.fini9)
 .fini9         0x00003b30        0x0 c:/users/mazak/desktop/mostafa/softwares/nti/eclipse/sdk_win_64/sdk_win_64/winavr/bin/../lib/gcc/avr/4.3.3/avr5\libgcc.a(_exit.o)
                0x00003b30                exit
                0x00003b30                _exit
 *(.fini9)
 *(.fini8)
 *(.fini8)
 *(.fini7)
 *(.fini7)
 *(.fini6)
 *(.fini6)
 *(.fini5)
 *(.fini5)
 *(.fini4)
 *(.fini4)
 *(.fini3)
 *(.fini3)
 *(.fini2)
 *(.fini2)
 *(.fini1)
 *(.fini1)
 *(.fini0)
 .fini0         0x00003b30        0x4 c:/users/mazak/desktop/mostafa/softwares/nti/eclipse/sdk_win_64/sdk_win_64/winavr/bin/../lib/gcc/avr/4.3.3/avr5\libgcc.a(_exit.o)
 *(.fini0)
                0x00003b34                _etext = .

.data           0x00800060      0x142 load address 0x00003b34
                0x00800060                PROVIDE (__data_start, .)
 *(.data)
 .data          0x00800060        0x0 c:/users/mazak/desktop/mostafa/softwares/nti/eclipse/sdk_win_64/sdk_win_64/winavr/bin/../lib/gcc/avr/4.3.3/../../../../avr/lib/avr5/crtm32.o
 .data          0x00800060        0x0 ./MCAL/DIO_Driver/DIO_Program.o
 .data          0x00800060        0x0 ./HAL/SEVENSEGMENT_Driver/SEVENSEGMENT_Program.o
 .data          0x00800060        0x0 ./HAL/LCD_Driver/LCD_Program.o
 .data          0x00800060        0x0 ./HAL/KEYPAD_Driver/KEYPAD_Program.o
 .data          0x00800060       0x1f ./Application/main.o
 .data          0x0080007f        0x0 c:/users/mazak/desktop/mostafa/softwares/nti/eclipse/sdk_win_64/sdk_win_64/winavr/bin/../lib/gcc/avr/4.3.3/avr5\libgcc.a(_udivmodhi4.o)
 .data          0x0080007f        0x0 c:/users/mazak/desktop/mostafa/softwares/nti/eclipse/sdk_win_64/sdk_win_64/winavr/bin/../lib/gcc/avr/4.3.3/avr5\libgcc.a(_divmodsi4.o)
 .data          0x0080007f        0x0 c:/users/mazak/desktop/mostafa/softwares/nti/eclipse/sdk_win_64/sdk_win_64/winavr/bin/../lib/gcc/avr/4.3.3/avr5\libgcc.a(_exit.o)
 .data          0x0080007f        0x0 c:/users/mazak/desktop/mostafa/softwares/nti/eclipse/sdk_win_64/sdk_win_64/winavr/bin/../lib/gcc/avr/4.3.3/avr5\libgcc.a(_copy_data.o)
 .data          0x0080007f        0x0 c:/users/mazak/desktop/mostafa/softwares/nti/eclipse/sdk_win_64/sdk_win_64/winavr/bin/../lib/gcc/avr/4.3.3/avr5\libgcc.a(_fixunssfsi.o)
 .data          0x0080007f        0x0 c:/users/mazak/desktop/mostafa/softwares/nti/eclipse/sdk_win_64/sdk_win_64/winavr/bin/../lib/gcc/avr/4.3.3/avr5\libgcc.a(_addsub_sf.o)
 .data          0x0080007f        0x0 c:/users/mazak/desktop/mostafa/softwares/nti/eclipse/sdk_win_64/sdk_win_64/winavr/bin/../lib/gcc/avr/4.3.3/avr5\libgcc.a(_mul_sf.o)
 .data          0x0080007f        0x0 c:/users/mazak/desktop/mostafa/softwares/nti/eclipse/sdk_win_64/sdk_win_64/winavr/bin/../lib/gcc/avr/4.3.3/avr5\libgcc.a(_div_sf.o)
 .data          0x0080007f        0x0 c:/users/mazak/desktop/mostafa/softwares/nti/eclipse/sdk_win_64/sdk_win_64/winavr/bin/../lib/gcc/avr/4.3.3/avr5\libgcc.a(_eq_sf.o)
 .data          0x0080007f        0x0 c:/users/mazak/desktop/mostafa/softwares/nti/eclipse/sdk_win_64/sdk_win_64/winavr/bin/../lib/gcc/avr/4.3.3/avr5\libgcc.a(_gt_sf.o)
 .data          0x0080007f        0x0 c:/users/mazak/desktop/mostafa/softwares/nti/eclipse/sdk_win_64/sdk_win_64/winavr/bin/../lib/gcc/avr/4.3.3/avr5\libgcc.a(_ge_sf.o)
 .data          0x0080007f        0x0 c:/users/mazak/desktop/mostafa/softwares/nti/eclipse/sdk_win_64/sdk_win_64/winavr/bin/../lib/gcc/avr/4.3.3/avr5\libgcc.a(_lt_sf.o)
 .data          0x0080007f        0x0 c:/users/mazak/desktop/mostafa/softwares/nti/eclipse/sdk_win_64/sdk_win_64/winavr/bin/../lib/gcc/avr/4.3.3/avr5\libgcc.a(_si_to_sf.o)
 .data          0x0080007f        0x0 c:/users/mazak/desktop/mostafa/softwares/nti/eclipse/sdk_win_64/sdk_win_64/winavr/bin/../lib/gcc/avr/4.3.3/avr5\libgcc.a(_sf_to_si.o)
 .data          0x0080007f        0x8 c:/users/mazak/desktop/mostafa/softwares/nti/eclipse/sdk_win_64/sdk_win_64/winavr/bin/../lib/gcc/avr/4.3.3/avr5\libgcc.a(_thenan_sf.o)
                0x0080007f                __thenan_sf
 .data          0x00800087        0x0 c:/users/mazak/desktop/mostafa/softwares/nti/eclipse/sdk_win_64/sdk_win_64/winavr/bin/../lib/gcc/avr/4.3.3/avr5\libgcc.a(_usi_to_sf.o)
 .data          0x00800087        0x0 c:/users/mazak/desktop/mostafa/softwares/nti/eclipse/sdk_win_64/sdk_win_64/winavr/bin/../lib/gcc/avr/4.3.3/avr5\libgcc.a(_udivmodsi4.o)
 .data          0x00800087        0x0 c:/users/mazak/desktop/mostafa/softwares/nti/eclipse/sdk_win_64/sdk_win_64/winavr/bin/../lib/gcc/avr/4.3.3/avr5\libgcc.a(_prologue.o)
 .data          0x00800087        0x0 c:/users/mazak/desktop/mostafa/softwares/nti/eclipse/sdk_win_64/sdk_win_64/winavr/bin/../lib/gcc/avr/4.3.3/avr5\libgcc.a(_epilogue.o)
 .data          0x00800087        0x0 c:/users/mazak/desktop/mostafa/softwares/nti/eclipse/sdk_win_64/sdk_win_64/winavr/bin/../lib/gcc/avr/4.3.3/avr5\libgcc.a(_clzsi2.o)
 .data          0x00800087        0x0 c:/users/mazak/desktop/mostafa/softwares/nti/eclipse/sdk_win_64/sdk_win_64/winavr/bin/../lib/gcc/avr/4.3.3/avr5\libgcc.a(_pack_sf.o)
 .data          0x00800087        0x0 c:/users/mazak/desktop/mostafa/softwares/nti/eclipse/sdk_win_64/sdk_win_64/winavr/bin/../lib/gcc/avr/4.3.3/avr5\libgcc.a(_unpack_sf.o)
 .data          0x00800087        0x0 c:/users/mazak/desktop/mostafa/softwares/nti/eclipse/sdk_win_64/sdk_win_64/winavr/bin/../lib/gcc/avr/4.3.3/avr5\libgcc.a(_fpcmp_parts_sf.o)
 .data          0x00800087      0x100 c:/users/mazak/desktop/mostafa/softwares/nti/eclipse/sdk_win_64/sdk_win_64/winavr/bin/../lib/gcc/avr/4.3.3/avr5\libgcc.a(_clz.o)
                0x00800087                __clz_tab
 *(.data*)
 .data.u8_KeyPadButtons
                0x00800187       0x10 ./HAL/KEYPAD_Driver/KEYPAD_Program.o
                0x00800187                u8_KeyPadButtons
 *(.rodata)
 *(.rodata*)
 .rodata.u8_Seven_Segment_Display_Numbers
                0x00800197        0xa ./HAL/SEVENSEGMENT_Driver/SEVENSEGMENT_Program.o
                0x00800197                u8_Seven_Segment_Display_Numbers
 *(.gnu.linkonce.d*)
                0x008001a2                . = ALIGN (0x2)
 *fill*         0x008001a1        0x1 00
                0x008001a2                _edata = .
                0x008001a2                PROVIDE (__data_end, .)

.bss            0x008001a2        0x0
                0x008001a2                PROVIDE (__bss_start, .)
 *(.bss)
 .bss           0x008001a2        0x0 c:/users/mazak/desktop/mostafa/softwares/nti/eclipse/sdk_win_64/sdk_win_64/winavr/bin/../lib/gcc/avr/4.3.3/../../../../avr/lib/avr5/crtm32.o
 .bss           0x008001a2        0x0 ./MCAL/DIO_Driver/DIO_Program.o
 .bss           0x008001a2        0x0 ./HAL/SEVENSEGMENT_Driver/SEVENSEGMENT_Program.o
 .bss           0x008001a2        0x0 ./HAL/LCD_Driver/LCD_Program.o
 .bss           0x008001a2        0x0 ./HAL/KEYPAD_Driver/KEYPAD_Program.o
 .bss           0x008001a2        0x0 ./Application/main.o
 .bss           0x008001a2        0x0 c:/users/mazak/desktop/mostafa/softwares/nti/eclipse/sdk_win_64/sdk_win_64/winavr/bin/../lib/gcc/avr/4.3.3/avr5\libgcc.a(_udivmodhi4.o)
 .bss           0x008001a2        0x0 c:/users/mazak/desktop/mostafa/softwares/nti/eclipse/sdk_win_64/sdk_win_64/winavr/bin/../lib/gcc/avr/4.3.3/avr5\libgcc.a(_divmodsi4.o)
 .bss           0x008001a2        0x0 c:/users/mazak/desktop/mostafa/softwares/nti/eclipse/sdk_win_64/sdk_win_64/winavr/bin/../lib/gcc/avr/4.3.3/avr5\libgcc.a(_exit.o)
 .bss           0x008001a2        0x0 c:/users/mazak/desktop/mostafa/softwares/nti/eclipse/sdk_win_64/sdk_win_64/winavr/bin/../lib/gcc/avr/4.3.3/avr5\libgcc.a(_copy_data.o)
 .bss           0x008001a2        0x0 c:/users/mazak/desktop/mostafa/softwares/nti/eclipse/sdk_win_64/sdk_win_64/winavr/bin/../lib/gcc/avr/4.3.3/avr5\libgcc.a(_fixunssfsi.o)
 .bss           0x008001a2        0x0 c:/users/mazak/desktop/mostafa/softwares/nti/eclipse/sdk_win_64/sdk_win_64/winavr/bin/../lib/gcc/avr/4.3.3/avr5\libgcc.a(_addsub_sf.o)
 .bss           0x008001a2        0x0 c:/users/mazak/desktop/mostafa/softwares/nti/eclipse/sdk_win_64/sdk_win_64/winavr/bin/../lib/gcc/avr/4.3.3/avr5\libgcc.a(_mul_sf.o)
 .bss           0x008001a2        0x0 c:/users/mazak/desktop/mostafa/softwares/nti/eclipse/sdk_win_64/sdk_win_64/winavr/bin/../lib/gcc/avr/4.3.3/avr5\libgcc.a(_div_sf.o)
 .bss           0x008001a2        0x0 c:/users/mazak/desktop/mostafa/softwares/nti/eclipse/sdk_win_64/sdk_win_64/winavr/bin/../lib/gcc/avr/4.3.3/avr5\libgcc.a(_eq_sf.o)
 .bss           0x008001a2        0x0 c:/users/mazak/desktop/mostafa/softwares/nti/eclipse/sdk_win_64/sdk_win_64/winavr/bin/../lib/gcc/avr/4.3.3/avr5\libgcc.a(_gt_sf.o)
 .bss           0x008001a2        0x0 c:/users/mazak/desktop/mostafa/softwares/nti/eclipse/sdk_win_64/sdk_win_64/winavr/bin/../lib/gcc/avr/4.3.3/avr5\libgcc.a(_ge_sf.o)
 .bss           0x008001a2        0x0 c:/users/mazak/desktop/mostafa/softwares/nti/eclipse/sdk_win_64/sdk_win_64/winavr/bin/../lib/gcc/avr/4.3.3/avr5\libgcc.a(_lt_sf.o)
 .bss           0x008001a2        0x0 c:/users/mazak/desktop/mostafa/softwares/nti/eclipse/sdk_win_64/sdk_win_64/winavr/bin/../lib/gcc/avr/4.3.3/avr5\libgcc.a(_si_to_sf.o)
 .bss           0x008001a2        0x0 c:/users/mazak/desktop/mostafa/softwares/nti/eclipse/sdk_win_64/sdk_win_64/winavr/bin/../lib/gcc/avr/4.3.3/avr5\libgcc.a(_sf_to_si.o)
 .bss           0x008001a2        0x0 c:/users/mazak/desktop/mostafa/softwares/nti/eclipse/sdk_win_64/sdk_win_64/winavr/bin/../lib/gcc/avr/4.3.3/avr5\libgcc.a(_thenan_sf.o)
 .bss           0x008001a2        0x0 c:/users/mazak/desktop/mostafa/softwares/nti/eclipse/sdk_win_64/sdk_win_64/winavr/bin/../lib/gcc/avr/4.3.3/avr5\libgcc.a(_usi_to_sf.o)
 .bss           0x008001a2        0x0 c:/users/mazak/desktop/mostafa/softwares/nti/eclipse/sdk_win_64/sdk_win_64/winavr/bin/../lib/gcc/avr/4.3.3/avr5\libgcc.a(_udivmodsi4.o)
 .bss           0x008001a2        0x0 c:/users/mazak/desktop/mostafa/softwares/nti/eclipse/sdk_win_64/sdk_win_64/winavr/bin/../lib/gcc/avr/4.3.3/avr5\libgcc.a(_prologue.o)
 .bss           0x008001a2        0x0 c:/users/mazak/desktop/mostafa/softwares/nti/eclipse/sdk_win_64/sdk_win_64/winavr/bin/../lib/gcc/avr/4.3.3/avr5\libgcc.a(_epilogue.o)
 .bss           0x008001a2        0x0 c:/users/mazak/desktop/mostafa/softwares/nti/eclipse/sdk_win_64/sdk_win_64/winavr/bin/../lib/gcc/avr/4.3.3/avr5\libgcc.a(_clzsi2.o)
 .bss           0x008001a2        0x0 c:/users/mazak/desktop/mostafa/softwares/nti/eclipse/sdk_win_64/sdk_win_64/winavr/bin/../lib/gcc/avr/4.3.3/avr5\libgcc.a(_pack_sf.o)
 .bss           0x008001a2        0x0 c:/users/mazak/desktop/mostafa/softwares/nti/eclipse/sdk_win_64/sdk_win_64/winavr/bin/../lib/gcc/avr/4.3.3/avr5\libgcc.a(_unpack_sf.o)
 .bss           0x008001a2        0x0 c:/users/mazak/desktop/mostafa/softwares/nti/eclipse/sdk_win_64/sdk_win_64/winavr/bin/../lib/gcc/avr/4.3.3/avr5\libgcc.a(_fpcmp_parts_sf.o)
 .bss           0x008001a2        0x0 c:/users/mazak/desktop/mostafa/softwares/nti/eclipse/sdk_win_64/sdk_win_64/winavr/bin/../lib/gcc/avr/4.3.3/avr5\libgcc.a(_clz.o)
 *(.bss*)
 *(COMMON)
                0x008001a2                PROVIDE (__bss_end, .)
                0x00003b34                __data_load_start = LOADADDR (.data)
                0x00003c76                __data_load_end = (__data_load_start + SIZEOF (.data))

.noinit         0x008001a2        0x0
                0x008001a2                PROVIDE (__noinit_start, .)
 *(.noinit*)
                0x008001a2                PROVIDE (__noinit_end, .)
                0x008001a2                _end = .
                0x008001a2                PROVIDE (__heap_start, .)

.eeprom         0x00810000        0x0
 *(.eeprom*)
                0x00810000                __eeprom_end = .

.fuse
 *(.fuse)
 *(.lfuse)
 *(.hfuse)
 *(.efuse)

.lock
 *(.lock*)

.signature
 *(.signature*)

.stab           0x00000000     0x2e74
 *(.stab)
 .stab          0x00000000      0x5dc ./MCAL/DIO_Driver/DIO_Program.o
 .stab          0x000005dc      0x918 ./HAL/SEVENSEGMENT_Driver/SEVENSEGMENT_Program.o
                                0x924 (size before relaxing)
 .stab          0x00000ef4     0x1470 ./HAL/LCD_Driver/LCD_Program.o
                               0x1608 (size before relaxing)
 .stab          0x00002364      0x570 ./HAL/KEYPAD_Driver/KEYPAD_Program.o
                                0x6fc (size before relaxing)
 .stab          0x000028d4      0x5a0 ./Application/main.o
                                0x738 (size before relaxing)

.stabstr        0x00000000     0x18fe
 *(.stabstr)
 .stabstr       0x00000000     0x18fe ./MCAL/DIO_Driver/DIO_Program.o

.stab.excl
 *(.stab.excl)

.stab.exclstr
 *(.stab.exclstr)

.stab.index
 *(.stab.index)

.stab.indexstr
 *(.stab.indexstr)

.comment
 *(.comment)

.debug
 *(.debug)

.line
 *(.line)

.debug_srcinfo
 *(.debug_srcinfo)

.debug_sfnames
 *(.debug_sfnames)

.debug_aranges  0x00000000      0x1e0
 *(.debug_aranges)
 .debug_aranges
                0x00000000       0x20 c:/users/mazak/desktop/mostafa/softwares/nti/eclipse/sdk_win_64/sdk_win_64/winavr/bin/../lib/gcc/avr/4.3.3/avr5\libgcc.a(_fixunssfsi.o)
 .debug_aranges
                0x00000020       0x20 c:/users/mazak/desktop/mostafa/softwares/nti/eclipse/sdk_win_64/sdk_win_64/winavr/bin/../lib/gcc/avr/4.3.3/avr5\libgcc.a(_addsub_sf.o)
 .debug_aranges
                0x00000040       0x20 c:/users/mazak/desktop/mostafa/softwares/nti/eclipse/sdk_win_64/sdk_win_64/winavr/bin/../lib/gcc/avr/4.3.3/avr5\libgcc.a(_mul_sf.o)
 .debug_aranges
                0x00000060       0x20 c:/users/mazak/desktop/mostafa/softwares/nti/eclipse/sdk_win_64/sdk_win_64/winavr/bin/../lib/gcc/avr/4.3.3/avr5\libgcc.a(_div_sf.o)
 .debug_aranges
                0x00000080       0x20 c:/users/mazak/desktop/mostafa/softwares/nti/eclipse/sdk_win_64/sdk_win_64/winavr/bin/../lib/gcc/avr/4.3.3/avr5\libgcc.a(_eq_sf.o)
 .debug_aranges
                0x000000a0       0x20 c:/users/mazak/desktop/mostafa/softwares/nti/eclipse/sdk_win_64/sdk_win_64/winavr/bin/../lib/gcc/avr/4.3.3/avr5\libgcc.a(_gt_sf.o)
 .debug_aranges
                0x000000c0       0x20 c:/users/mazak/desktop/mostafa/softwares/nti/eclipse/sdk_win_64/sdk_win_64/winavr/bin/../lib/gcc/avr/4.3.3/avr5\libgcc.a(_ge_sf.o)
 .debug_aranges
                0x000000e0       0x20 c:/users/mazak/desktop/mostafa/softwares/nti/eclipse/sdk_win_64/sdk_win_64/winavr/bin/../lib/gcc/avr/4.3.3/avr5\libgcc.a(_lt_sf.o)
 .debug_aranges
                0x00000100       0x20 c:/users/mazak/desktop/mostafa/softwares/nti/eclipse/sdk_win_64/sdk_win_64/winavr/bin/../lib/gcc/avr/4.3.3/avr5\libgcc.a(_si_to_sf.o)
 .debug_aranges
                0x00000120       0x20 c:/users/mazak/desktop/mostafa/softwares/nti/eclipse/sdk_win_64/sdk_win_64/winavr/bin/../lib/gcc/avr/4.3.3/avr5\libgcc.a(_sf_to_si.o)
 .debug_aranges
                0x00000140       0x20 c:/users/mazak/desktop/mostafa/softwares/nti/eclipse/sdk_win_64/sdk_win_64/winavr/bin/../lib/gcc/avr/4.3.3/avr5\libgcc.a(_usi_to_sf.o)
 .debug_aranges
                0x00000160       0x20 c:/users/mazak/desktop/mostafa/softwares/nti/eclipse/sdk_win_64/sdk_win_64/winavr/bin/../lib/gcc/avr/4.3.3/avr5\libgcc.a(_clzsi2.o)
 .debug_aranges
                0x00000180       0x20 c:/users/mazak/desktop/mostafa/softwares/nti/eclipse/sdk_win_64/sdk_win_64/winavr/bin/../lib/gcc/avr/4.3.3/avr5\libgcc.a(_pack_sf.o)
 .debug_aranges
                0x000001a0       0x20 c:/users/mazak/desktop/mostafa/softwares/nti/eclipse/sdk_win_64/sdk_win_64/winavr/bin/../lib/gcc/avr/4.3.3/avr5\libgcc.a(_unpack_sf.o)
 .debug_aranges
                0x000001c0       0x20 c:/users/mazak/desktop/mostafa/softwares/nti/eclipse/sdk_win_64/sdk_win_64/winavr/bin/../lib/gcc/avr/4.3.3/avr5\libgcc.a(_fpcmp_parts_sf.o)

.debug_pubnames
                0x00000000      0x232
 *(.debug_pubnames)
 .debug_pubnames
                0x00000000       0x23 c:/users/mazak/desktop/mostafa/softwares/nti/eclipse/sdk_win_64/sdk_win_64/winavr/bin/../lib/gcc/avr/4.3.3/avr5\libgcc.a(_fixunssfsi.o)
 .debug_pubnames
                0x00000023       0x2c c:/users/mazak/desktop/mostafa/softwares/nti/eclipse/sdk_win_64/sdk_win_64/winavr/bin/../lib/gcc/avr/4.3.3/avr5\libgcc.a(_addsub_sf.o)
 .debug_pubnames
                0x0000004f       0x1f c:/users/mazak/desktop/mostafa/softwares/nti/eclipse/sdk_win_64/sdk_win_64/winavr/bin/../lib/gcc/avr/4.3.3/avr5\libgcc.a(_mul_sf.o)
 .debug_pubnames
                0x0000006e       0x1f c:/users/mazak/desktop/mostafa/softwares/nti/eclipse/sdk_win_64/sdk_win_64/winavr/bin/../lib/gcc/avr/4.3.3/avr5\libgcc.a(_div_sf.o)
 .debug_pubnames
                0x0000008d       0x1e c:/users/mazak/desktop/mostafa/softwares/nti/eclipse/sdk_win_64/sdk_win_64/winavr/bin/../lib/gcc/avr/4.3.3/avr5\libgcc.a(_eq_sf.o)
 .debug_pubnames
                0x000000ab       0x1e c:/users/mazak/desktop/mostafa/softwares/nti/eclipse/sdk_win_64/sdk_win_64/winavr/bin/../lib/gcc/avr/4.3.3/avr5\libgcc.a(_gt_sf.o)
 .debug_pubnames
                0x000000c9       0x1e c:/users/mazak/desktop/mostafa/softwares/nti/eclipse/sdk_win_64/sdk_win_64/winavr/bin/../lib/gcc/avr/4.3.3/avr5\libgcc.a(_ge_sf.o)
 .debug_pubnames
                0x000000e7       0x1e c:/users/mazak/desktop/mostafa/softwares/nti/eclipse/sdk_win_64/sdk_win_64/winavr/bin/../lib/gcc/avr/4.3.3/avr5\libgcc.a(_lt_sf.o)
 .debug_pubnames
                0x00000105       0x22 c:/users/mazak/desktop/mostafa/softwares/nti/eclipse/sdk_win_64/sdk_win_64/winavr/bin/../lib/gcc/avr/4.3.3/avr5\libgcc.a(_si_to_sf.o)
 .debug_pubnames
                0x00000127       0x20 c:/users/mazak/desktop/mostafa/softwares/nti/eclipse/sdk_win_64/sdk_win_64/winavr/bin/../lib/gcc/avr/4.3.3/avr5\libgcc.a(_sf_to_si.o)
 .debug_pubnames
                0x00000147       0x22 c:/users/mazak/desktop/mostafa/softwares/nti/eclipse/sdk_win_64/sdk_win_64/winavr/bin/../lib/gcc/avr/4.3.3/avr5\libgcc.a(_thenan_sf.o)
 .debug_pubnames
                0x00000169       0x24 c:/users/mazak/desktop/mostafa/softwares/nti/eclipse/sdk_win_64/sdk_win_64/winavr/bin/../lib/gcc/avr/4.3.3/avr5\libgcc.a(_usi_to_sf.o)
 .debug_pubnames
                0x0000018d       0x1f c:/users/mazak/desktop/mostafa/softwares/nti/eclipse/sdk_win_64/sdk_win_64/winavr/bin/../lib/gcc/avr/4.3.3/avr5\libgcc.a(_clzsi2.o)
 .debug_pubnames
                0x000001ac       0x1f c:/users/mazak/desktop/mostafa/softwares/nti/eclipse/sdk_win_64/sdk_win_64/winavr/bin/../lib/gcc/avr/4.3.3/avr5\libgcc.a(_pack_sf.o)
 .debug_pubnames
                0x000001cb       0x21 c:/users/mazak/desktop/mostafa/softwares/nti/eclipse/sdk_win_64/sdk_win_64/winavr/bin/../lib/gcc/avr/4.3.3/avr5\libgcc.a(_unpack_sf.o)
 .debug_pubnames
                0x000001ec       0x26 c:/users/mazak/desktop/mostafa/softwares/nti/eclipse/sdk_win_64/sdk_win_64/winavr/bin/../lib/gcc/avr/4.3.3/avr5\libgcc.a(_fpcmp_parts_sf.o)
 .debug_pubnames
                0x00000212       0x20 c:/users/mazak/desktop/mostafa/softwares/nti/eclipse/sdk_win_64/sdk_win_64/winavr/bin/../lib/gcc/avr/4.3.3/avr5\libgcc.a(_clz.o)

.debug_info     0x00000000     0x2891
 *(.debug_info)
 .debug_info    0x00000000       0xb1 c:/users/mazak/desktop/mostafa/softwares/nti/eclipse/sdk_win_64/sdk_win_64/winavr/bin/../lib/gcc/avr/4.3.3/avr5\libgcc.a(_fixunssfsi.o)
 .debug_info    0x000000b1      0x47a c:/users/mazak/desktop/mostafa/softwares/nti/eclipse/sdk_win_64/sdk_win_64/winavr/bin/../lib/gcc/avr/4.3.3/avr5\libgcc.a(_addsub_sf.o)
 .debug_info    0x0000052b      0x485 c:/users/mazak/desktop/mostafa/softwares/nti/eclipse/sdk_win_64/sdk_win_64/winavr/bin/../lib/gcc/avr/4.3.3/avr5\libgcc.a(_mul_sf.o)
 .debug_info    0x000009b0      0x3fc c:/users/mazak/desktop/mostafa/softwares/nti/eclipse/sdk_win_64/sdk_win_64/winavr/bin/../lib/gcc/avr/4.3.3/avr5\libgcc.a(_div_sf.o)
 .debug_info    0x00000dac      0x27f c:/users/mazak/desktop/mostafa/softwares/nti/eclipse/sdk_win_64/sdk_win_64/winavr/bin/../lib/gcc/avr/4.3.3/avr5\libgcc.a(_eq_sf.o)
 .debug_info    0x0000102b      0x27f c:/users/mazak/desktop/mostafa/softwares/nti/eclipse/sdk_win_64/sdk_win_64/winavr/bin/../lib/gcc/avr/4.3.3/avr5\libgcc.a(_gt_sf.o)
 .debug_info    0x000012aa      0x27f c:/users/mazak/desktop/mostafa/softwares/nti/eclipse/sdk_win_64/sdk_win_64/winavr/bin/../lib/gcc/avr/4.3.3/avr5\libgcc.a(_ge_sf.o)
 .debug_info    0x00001529      0x27f c:/users/mazak/desktop/mostafa/softwares/nti/eclipse/sdk_win_64/sdk_win_64/winavr/bin/../lib/gcc/avr/4.3.3/avr5\libgcc.a(_lt_sf.o)
 .debug_info    0x000017a8      0x207 c:/users/mazak/desktop/mostafa/softwares/nti/eclipse/sdk_win_64/sdk_win_64/winavr/bin/../lib/gcc/avr/4.3.3/avr5\libgcc.a(_si_to_sf.o)
 .debug_info    0x000019af      0x2b0 c:/users/mazak/desktop/mostafa/softwares/nti/eclipse/sdk_win_64/sdk_win_64/winavr/bin/../lib/gcc/avr/4.3.3/avr5\libgcc.a(_sf_to_si.o)
 .debug_info    0x00001c5f      0x12c c:/users/mazak/desktop/mostafa/softwares/nti/eclipse/sdk_win_64/sdk_win_64/winavr/bin/../lib/gcc/avr/4.3.3/avr5\libgcc.a(_thenan_sf.o)
 .debug_info    0x00001d8b      0x206 c:/users/mazak/desktop/mostafa/softwares/nti/eclipse/sdk_win_64/sdk_win_64/winavr/bin/../lib/gcc/avr/4.3.3/avr5\libgcc.a(_usi_to_sf.o)
 .debug_info    0x00001f91      0x117 c:/users/mazak/desktop/mostafa/softwares/nti/eclipse/sdk_win_64/sdk_win_64/winavr/bin/../lib/gcc/avr/4.3.3/avr5\libgcc.a(_clzsi2.o)
 .debug_info    0x000020a8      0x2df c:/users/mazak/desktop/mostafa/softwares/nti/eclipse/sdk_win_64/sdk_win_64/winavr/bin/../lib/gcc/avr/4.3.3/avr5\libgcc.a(_pack_sf.o)
 .debug_info    0x00002387      0x251 c:/users/mazak/desktop/mostafa/softwares/nti/eclipse/sdk_win_64/sdk_win_64/winavr/bin/../lib/gcc/avr/4.3.3/avr5\libgcc.a(_unpack_sf.o)
 .debug_info    0x000025d8      0x210 c:/users/mazak/desktop/mostafa/softwares/nti/eclipse/sdk_win_64/sdk_win_64/winavr/bin/../lib/gcc/avr/4.3.3/avr5\libgcc.a(_fpcmp_parts_sf.o)
 .debug_info    0x000027e8       0xa9 c:/users/mazak/desktop/mostafa/softwares/nti/eclipse/sdk_win_64/sdk_win_64/winavr/bin/../lib/gcc/avr/4.3.3/avr5\libgcc.a(_clz.o)
 *(.gnu.linkonce.wi.*)

.debug_abbrev   0x00000000     0x1628
 *(.debug_abbrev)
 .debug_abbrev  0x00000000       0x5d c:/users/mazak/desktop/mostafa/softwares/nti/eclipse/sdk_win_64/sdk_win_64/winavr/bin/../lib/gcc/avr/4.3.3/avr5\libgcc.a(_fixunssfsi.o)
 .debug_abbrev  0x0000005d      0x1ea c:/users/mazak/desktop/mostafa/softwares/nti/eclipse/sdk_win_64/sdk_win_64/winavr/bin/../lib/gcc/avr/4.3.3/avr5\libgcc.a(_addsub_sf.o)
 .debug_abbrev  0x00000247      0x21b c:/users/mazak/desktop/mostafa/softwares/nti/eclipse/sdk_win_64/sdk_win_64/winavr/bin/../lib/gcc/avr/4.3.3/avr5\libgcc.a(_mul_sf.o)
 .debug_abbrev  0x00000462      0x216 c:/users/mazak/desktop/mostafa/softwares/nti/eclipse/sdk_win_64/sdk_win_64/winavr/bin/../lib/gcc/avr/4.3.3/avr5\libgcc.a(_div_sf.o)
 .debug_abbrev  0x00000678      0x15a c:/users/mazak/desktop/mostafa/softwares/nti/eclipse/sdk_win_64/sdk_win_64/winavr/bin/../lib/gcc/avr/4.3.3/avr5\libgcc.a(_eq_sf.o)
 .debug_abbrev  0x000007d2      0x15a c:/users/mazak/desktop/mostafa/softwares/nti/eclipse/sdk_win_64/sdk_win_64/winavr/bin/../lib/gcc/avr/4.3.3/avr5\libgcc.a(_gt_sf.o)
 .debug_abbrev  0x0000092c      0x15a c:/users/mazak/desktop/mostafa/softwares/nti/eclipse/sdk_win_64/sdk_win_64/winavr/bin/../lib/gcc/avr/4.3.3/avr5\libgcc.a(_ge_sf.o)
 .debug_abbrev  0x00000a86      0x15a c:/users/mazak/desktop/mostafa/softwares/nti/eclipse/sdk_win_64/sdk_win_64/winavr/bin/../lib/gcc/avr/4.3.3/avr5\libgcc.a(_lt_sf.o)
 .debug_abbrev  0x00000be0      0x148 c:/users/mazak/desktop/mostafa/softwares/nti/eclipse/sdk_win_64/sdk_win_64/winavr/bin/../lib/gcc/avr/4.3.3/avr5\libgcc.a(_si_to_sf.o)
 .debug_abbrev  0x00000d28      0x17f c:/users/mazak/desktop/mostafa/softwares/nti/eclipse/sdk_win_64/sdk_win_64/winavr/bin/../lib/gcc/avr/4.3.3/avr5\libgcc.a(_sf_to_si.o)
 .debug_abbrev  0x00000ea7       0xad c:/users/mazak/desktop/mostafa/softwares/nti/eclipse/sdk_win_64/sdk_win_64/winavr/bin/../lib/gcc/avr/4.3.3/avr5\libgcc.a(_thenan_sf.o)
 .debug_abbrev  0x00000f54      0x157 c:/users/mazak/desktop/mostafa/softwares/nti/eclipse/sdk_win_64/sdk_win_64/winavr/bin/../lib/gcc/avr/4.3.3/avr5\libgcc.a(_usi_to_sf.o)
 .debug_abbrev  0x000010ab       0xc4 c:/users/mazak/desktop/mostafa/softwares/nti/eclipse/sdk_win_64/sdk_win_64/winavr/bin/../lib/gcc/avr/4.3.3/avr5\libgcc.a(_clzsi2.o)
 .debug_abbrev  0x0000116f      0x1c0 c:/users/mazak/desktop/mostafa/softwares/nti/eclipse/sdk_win_64/sdk_win_64/winavr/bin/../lib/gcc/avr/4.3.3/avr5\libgcc.a(_pack_sf.o)
 .debug_abbrev  0x0000132f      0x154 c:/users/mazak/desktop/mostafa/softwares/nti/eclipse/sdk_win_64/sdk_win_64/winavr/bin/../lib/gcc/avr/4.3.3/avr5\libgcc.a(_unpack_sf.o)
 .debug_abbrev  0x00001483      0x13b c:/users/mazak/desktop/mostafa/softwares/nti/eclipse/sdk_win_64/sdk_win_64/winavr/bin/../lib/gcc/avr/4.3.3/avr5\libgcc.a(_fpcmp_parts_sf.o)
 .debug_abbrev  0x000015be       0x6a c:/users/mazak/desktop/mostafa/softwares/nti/eclipse/sdk_win_64/sdk_win_64/winavr/bin/../lib/gcc/avr/4.3.3/avr5\libgcc.a(_clz.o)

.debug_line     0x00000000     0x13de
 *(.debug_line)
 .debug_line    0x00000000       0xa7 c:/users/mazak/desktop/mostafa/softwares/nti/eclipse/sdk_win_64/sdk_win_64/winavr/bin/../lib/gcc/avr/4.3.3/avr5\libgcc.a(_fixunssfsi.o)
 .debug_line    0x000000a7      0x2af c:/users/mazak/desktop/mostafa/softwares/nti/eclipse/sdk_win_64/sdk_win_64/winavr/bin/../lib/gcc/avr/4.3.3/avr5\libgcc.a(_addsub_sf.o)
 .debug_line    0x00000356      0x239 c:/users/mazak/desktop/mostafa/softwares/nti/eclipse/sdk_win_64/sdk_win_64/winavr/bin/../lib/gcc/avr/4.3.3/avr5\libgcc.a(_mul_sf.o)
 .debug_line    0x0000058f      0x1d5 c:/users/mazak/desktop/mostafa/softwares/nti/eclipse/sdk_win_64/sdk_win_64/winavr/bin/../lib/gcc/avr/4.3.3/avr5\libgcc.a(_div_sf.o)
 .debug_line    0x00000764       0xd3 c:/users/mazak/desktop/mostafa/softwares/nti/eclipse/sdk_win_64/sdk_win_64/winavr/bin/../lib/gcc/avr/4.3.3/avr5\libgcc.a(_eq_sf.o)
 .debug_line    0x00000837       0xd3 c:/users/mazak/desktop/mostafa/softwares/nti/eclipse/sdk_win_64/sdk_win_64/winavr/bin/../lib/gcc/avr/4.3.3/avr5\libgcc.a(_gt_sf.o)
 .debug_line    0x0000090a       0xd3 c:/users/mazak/desktop/mostafa/softwares/nti/eclipse/sdk_win_64/sdk_win_64/winavr/bin/../lib/gcc/avr/4.3.3/avr5\libgcc.a(_ge_sf.o)
 .debug_line    0x000009dd       0xd3 c:/users/mazak/desktop/mostafa/softwares/nti/eclipse/sdk_win_64/sdk_win_64/winavr/bin/../lib/gcc/avr/4.3.3/avr5\libgcc.a(_lt_sf.o)
 .debug_line    0x00000ab0      0x135 c:/users/mazak/desktop/mostafa/softwares/nti/eclipse/sdk_win_64/sdk_win_64/winavr/bin/../lib/gcc/avr/4.3.3/avr5\libgcc.a(_si_to_sf.o)
 .debug_line    0x00000be5      0x109 c:/users/mazak/desktop/mostafa/softwares/nti/eclipse/sdk_win_64/sdk_win_64/winavr/bin/../lib/gcc/avr/4.3.3/avr5\libgcc.a(_sf_to_si.o)
 .debug_line    0x00000cee       0x90 c:/users/mazak/desktop/mostafa/softwares/nti/eclipse/sdk_win_64/sdk_win_64/winavr/bin/../lib/gcc/avr/4.3.3/avr5\libgcc.a(_thenan_sf.o)
 .debug_line    0x00000d7e      0x133 c:/users/mazak/desktop/mostafa/softwares/nti/eclipse/sdk_win_64/sdk_win_64/winavr/bin/../lib/gcc/avr/4.3.3/avr5\libgcc.a(_usi_to_sf.o)
 .debug_line    0x00000eb1       0xa5 c:/users/mazak/desktop/mostafa/softwares/nti/eclipse/sdk_win_64/sdk_win_64/winavr/bin/../lib/gcc/avr/4.3.3/avr5\libgcc.a(_clzsi2.o)
 .debug_line    0x00000f56      0x18a c:/users/mazak/desktop/mostafa/softwares/nti/eclipse/sdk_win_64/sdk_win_64/winavr/bin/../lib/gcc/avr/4.3.3/avr5\libgcc.a(_pack_sf.o)
 .debug_line    0x000010e0      0x14b c:/users/mazak/desktop/mostafa/softwares/nti/eclipse/sdk_win_64/sdk_win_64/winavr/bin/../lib/gcc/avr/4.3.3/avr5\libgcc.a(_unpack_sf.o)
 .debug_line    0x0000122b      0x137 c:/users/mazak/desktop/mostafa/softwares/nti/eclipse/sdk_win_64/sdk_win_64/winavr/bin/../lib/gcc/avr/4.3.3/avr5\libgcc.a(_fpcmp_parts_sf.o)
 .debug_line    0x00001362       0x7c c:/users/mazak/desktop/mostafa/softwares/nti/eclipse/sdk_win_64/sdk_win_64/winavr/bin/../lib/gcc/avr/4.3.3/avr5\libgcc.a(_clz.o)

.debug_frame    0x00000000      0x200
 *(.debug_frame)
 .debug_frame   0x00000000       0x20 c:/users/mazak/desktop/mostafa/softwares/nti/eclipse/sdk_win_64/sdk_win_64/winavr/bin/../lib/gcc/avr/4.3.3/avr5\libgcc.a(_fixunssfsi.o)
 .debug_frame   0x00000020       0x40 c:/users/mazak/desktop/mostafa/softwares/nti/eclipse/sdk_win_64/sdk_win_64/winavr/bin/../lib/gcc/avr/4.3.3/avr5\libgcc.a(_addsub_sf.o)
 .debug_frame   0x00000060       0x20 c:/users/mazak/desktop/mostafa/softwares/nti/eclipse/sdk_win_64/sdk_win_64/winavr/bin/../lib/gcc/avr/4.3.3/avr5\libgcc.a(_mul_sf.o)
 .debug_frame   0x00000080       0x20 c:/users/mazak/desktop/mostafa/softwares/nti/eclipse/sdk_win_64/sdk_win_64/winavr/bin/../lib/gcc/avr/4.3.3/avr5\libgcc.a(_div_sf.o)
 .debug_frame   0x000000a0       0x20 c:/users/mazak/desktop/mostafa/softwares/nti/eclipse/sdk_win_64/sdk_win_64/winavr/bin/../lib/gcc/avr/4.3.3/avr5\libgcc.a(_eq_sf.o)
 .debug_frame   0x000000c0       0x20 c:/users/mazak/desktop/mostafa/softwares/nti/eclipse/sdk_win_64/sdk_win_64/winavr/bin/../lib/gcc/avr/4.3.3/avr5\libgcc.a(_gt_sf.o)
 .debug_frame   0x000000e0       0x20 c:/users/mazak/desktop/mostafa/softwares/nti/eclipse/sdk_win_64/sdk_win_64/winavr/bin/../lib/gcc/avr/4.3.3/avr5\libgcc.a(_ge_sf.o)
 .debug_frame   0x00000100       0x20 c:/users/mazak/desktop/mostafa/softwares/nti/eclipse/sdk_win_64/sdk_win_64/winavr/bin/../lib/gcc/avr/4.3.3/avr5\libgcc.a(_lt_sf.o)
 .debug_frame   0x00000120       0x20 c:/users/mazak/desktop/mostafa/softwares/nti/eclipse/sdk_win_64/sdk_win_64/winavr/bin/../lib/gcc/avr/4.3.3/avr5\libgcc.a(_si_to_sf.o)
 .debug_frame   0x00000140       0x20 c:/users/mazak/desktop/mostafa/softwares/nti/eclipse/sdk_win_64/sdk_win_64/winavr/bin/../lib/gcc/avr/4.3.3/avr5\libgcc.a(_sf_to_si.o)
 .debug_frame   0x00000160       0x20 c:/users/mazak/desktop/mostafa/softwares/nti/eclipse/sdk_win_64/sdk_win_64/winavr/bin/../lib/gcc/avr/4.3.3/avr5\libgcc.a(_usi_to_sf.o)
 .debug_frame   0x00000180       0x20 c:/users/mazak/desktop/mostafa/softwares/nti/eclipse/sdk_win_64/sdk_win_64/winavr/bin/../lib/gcc/avr/4.3.3/avr5\libgcc.a(_clzsi2.o)
 .debug_frame   0x000001a0       0x20 c:/users/mazak/desktop/mostafa/softwares/nti/eclipse/sdk_win_64/sdk_win_64/winavr/bin/../lib/gcc/avr/4.3.3/avr5\libgcc.a(_pack_sf.o)
 .debug_frame   0x000001c0       0x20 c:/users/mazak/desktop/mostafa/softwares/nti/eclipse/sdk_win_64/sdk_win_64/winavr/bin/../lib/gcc/avr/4.3.3/avr5\libgcc.a(_unpack_sf.o)
 .debug_frame   0x000001e0       0x20 c:/users/mazak/desktop/mostafa/softwares/nti/eclipse/sdk_win_64/sdk_win_64/winavr/bin/../lib/gcc/avr/4.3.3/avr5\libgcc.a(_fpcmp_parts_sf.o)

.debug_str      0x00000000      0x30f
 *(.debug_str)
 .debug_str     0x00000000       0xbf c:/users/mazak/desktop/mostafa/softwares/nti/eclipse/sdk_win_64/sdk_win_64/winavr/bin/../lib/gcc/avr/4.3.3/avr5\libgcc.a(_fixunssfsi.o)
                                 0xfe (size before relaxing)
 .debug_str     0x000000bf      0x14d c:/users/mazak/desktop/mostafa/softwares/nti/eclipse/sdk_win_64/sdk_win_64/winavr/bin/../lib/gcc/avr/4.3.3/avr5\libgcc.a(_addsub_sf.o)
                                0x206 (size before relaxing)
 .debug_str     0x0000020c       0x27 c:/users/mazak/desktop/mostafa/softwares/nti/eclipse/sdk_win_64/sdk_win_64/winavr/bin/../lib/gcc/avr/4.3.3/avr5\libgcc.a(_mul_sf.o)
                                0x1bf (size before relaxing)
 .debug_str     0x00000233       0x35 c:/users/mazak/desktop/mostafa/softwares/nti/eclipse/sdk_win_64/sdk_win_64/winavr/bin/../lib/gcc/avr/4.3.3/avr5\libgcc.a(_div_sf.o)
                                0x1c8 (size before relaxing)
 .debug_str     0x00000268        0x8 c:/users/mazak/desktop/mostafa/softwares/nti/eclipse/sdk_win_64/sdk_win_64/winavr/bin/../lib/gcc/avr/4.3.3/avr5\libgcc.a(_eq_sf.o)
                                0x195 (size before relaxing)
 .debug_str     0x00000270        0x8 c:/users/mazak/desktop/mostafa/softwares/nti/eclipse/sdk_win_64/sdk_win_64/winavr/bin/../lib/gcc/avr/4.3.3/avr5\libgcc.a(_gt_sf.o)
                                0x195 (size before relaxing)
 .debug_str     0x00000278        0x8 c:/users/mazak/desktop/mostafa/softwares/nti/eclipse/sdk_win_64/sdk_win_64/winavr/bin/../lib/gcc/avr/4.3.3/avr5\libgcc.a(_ge_sf.o)
                                0x195 (size before relaxing)
 .debug_str     0x00000280        0x8 c:/users/mazak/desktop/mostafa/softwares/nti/eclipse/sdk_win_64/sdk_win_64/winavr/bin/../lib/gcc/avr/4.3.3/avr5\libgcc.a(_lt_sf.o)
                                0x195 (size before relaxing)
 .debug_str     0x00000288       0x1e c:/users/mazak/desktop/mostafa/softwares/nti/eclipse/sdk_win_64/sdk_win_64/winavr/bin/../lib/gcc/avr/4.3.3/avr5\libgcc.a(_si_to_sf.o)
                                0x17b (size before relaxing)
 .debug_str     0x000002a6        0xa c:/users/mazak/desktop/mostafa/softwares/nti/eclipse/sdk_win_64/sdk_win_64/winavr/bin/../lib/gcc/avr/4.3.3/avr5\libgcc.a(_sf_to_si.o)
                                0x19e (size before relaxing)
 .debug_str     0x00000000      0x103 c:/users/mazak/desktop/mostafa/softwares/nti/eclipse/sdk_win_64/sdk_win_64/winavr/bin/../lib/gcc/avr/4.3.3/avr5\libgcc.a(_thenan_sf.o)
 .debug_str     0x000002b0       0x14 c:/users/mazak/desktop/mostafa/softwares/nti/eclipse/sdk_win_64/sdk_win_64/winavr/bin/../lib/gcc/avr/4.3.3/avr5\libgcc.a(_usi_to_sf.o)
                                0x177 (size before relaxing)
 .debug_str     0x000002c4       0x20 c:/users/mazak/desktop/mostafa/softwares/nti/eclipse/sdk_win_64/sdk_win_64/winavr/bin/../lib/gcc/avr/4.3.3/avr5\libgcc.a(_clzsi2.o)
                                0x111 (size before relaxing)
 .debug_str     0x000002e4       0x10 c:/users/mazak/desktop/mostafa/softwares/nti/eclipse/sdk_win_64/sdk_win_64/winavr/bin/../lib/gcc/avr/4.3.3/avr5\libgcc.a(_pack_sf.o)
                                0x19d (size before relaxing)
 .debug_str     0x000002f4        0xb c:/users/mazak/desktop/mostafa/softwares/nti/eclipse/sdk_win_64/sdk_win_64/winavr/bin/../lib/gcc/avr/4.3.3/avr5\libgcc.a(_unpack_sf.o)
                                0x17f (size before relaxing)
 .debug_str     0x000002ff       0x10 c:/users/mazak/desktop/mostafa/softwares/nti/eclipse/sdk_win_64/sdk_win_64/winavr/bin/../lib/gcc/avr/4.3.3/avr5\libgcc.a(_fpcmp_parts_sf.o)
                                0x163 (size before relaxing)
 .debug_str     0x00000000       0xf4 c:/users/mazak/desktop/mostafa/softwares/nti/eclipse/sdk_win_64/sdk_win_64/winavr/bin/../lib/gcc/avr/4.3.3/avr5\libgcc.a(_clz.o)

.debug_loc      0x00000000      0xa56
 *(.debug_loc)
 .debug_loc     0x00000000       0x34 c:/users/mazak/desktop/mostafa/softwares/nti/eclipse/sdk_win_64/sdk_win_64/winavr/bin/../lib/gcc/avr/4.3.3/avr5\libgcc.a(_fixunssfsi.o)
 .debug_loc     0x00000034      0x32a c:/users/mazak/desktop/mostafa/softwares/nti/eclipse/sdk_win_64/sdk_win_64/winavr/bin/../lib/gcc/avr/4.3.3/avr5\libgcc.a(_addsub_sf.o)
 .debug_loc     0x0000035e      0x104 c:/users/mazak/desktop/mostafa/softwares/nti/eclipse/sdk_win_64/sdk_win_64/winavr/bin/../lib/gcc/avr/4.3.3/avr5\libgcc.a(_mul_sf.o)
 .debug_loc     0x00000462       0xc0 c:/users/mazak/desktop/mostafa/softwares/nti/eclipse/sdk_win_64/sdk_win_64/winavr/bin/../lib/gcc/avr/4.3.3/avr5\libgcc.a(_div_sf.o)
 .debug_loc     0x00000522       0x3c c:/users/mazak/desktop/mostafa/softwares/nti/eclipse/sdk_win_64/sdk_win_64/winavr/bin/../lib/gcc/avr/4.3.3/avr5\libgcc.a(_eq_sf.o)
 .debug_loc     0x0000055e       0x3c c:/users/mazak/desktop/mostafa/softwares/nti/eclipse/sdk_win_64/sdk_win_64/winavr/bin/../lib/gcc/avr/4.3.3/avr5\libgcc.a(_gt_sf.o)
 .debug_loc     0x0000059a       0x3c c:/users/mazak/desktop/mostafa/softwares/nti/eclipse/sdk_win_64/sdk_win_64/winavr/bin/../lib/gcc/avr/4.3.3/avr5\libgcc.a(_ge_sf.o)
 .debug_loc     0x000005d6       0x3c c:/users/mazak/desktop/mostafa/softwares/nti/eclipse/sdk_win_64/sdk_win_64/winavr/bin/../lib/gcc/avr/4.3.3/avr5\libgcc.a(_lt_sf.o)
 .debug_loc     0x00000612       0xac c:/users/mazak/desktop/mostafa/softwares/nti/eclipse/sdk_win_64/sdk_win_64/winavr/bin/../lib/gcc/avr/4.3.3/avr5\libgcc.a(_si_to_sf.o)
 .debug_loc     0x000006be       0x7e c:/users/mazak/desktop/mostafa/softwares/nti/eclipse/sdk_win_64/sdk_win_64/winavr/bin/../lib/gcc/avr/4.3.3/avr5\libgcc.a(_sf_to_si.o)
 .debug_loc     0x0000073c       0x4c c:/users/mazak/desktop/mostafa/softwares/nti/eclipse/sdk_win_64/sdk_win_64/winavr/bin/../lib/gcc/avr/4.3.3/avr5\libgcc.a(_usi_to_sf.o)
 .debug_loc     0x00000788       0x94 c:/users/mazak/desktop/mostafa/softwares/nti/eclipse/sdk_win_64/sdk_win_64/winavr/bin/../lib/gcc/avr/4.3.3/avr5\libgcc.a(_clzsi2.o)
 .debug_loc     0x0000081c      0x13e c:/users/mazak/desktop/mostafa/softwares/nti/eclipse/sdk_win_64/sdk_win_64/winavr/bin/../lib/gcc/avr/4.3.3/avr5\libgcc.a(_pack_sf.o)
 .debug_loc     0x0000095a       0xac c:/users/mazak/desktop/mostafa/softwares/nti/eclipse/sdk_win_64/sdk_win_64/winavr/bin/../lib/gcc/avr/4.3.3/avr5\libgcc.a(_unpack_sf.o)
 .debug_loc     0x00000a06       0x50 c:/users/mazak/desktop/mostafa/softwares/nti/eclipse/sdk_win_64/sdk_win_64/winavr/bin/../lib/gcc/avr/4.3.3/avr5\libgcc.a(_fpcmp_parts_sf.o)

.debug_macinfo
 *(.debug_macinfo)
OUTPUT(DIO-Driver.elf elf32-avr)
LOAD linker stubs

.debug_ranges   0x00000000       0x50
 .debug_ranges  0x00000000       0x50 c:/users/mazak/desktop/mostafa/softwares/nti/eclipse/sdk_win_64/sdk_win_64/winavr/bin/../lib/gcc/avr/4.3.3/avr5\libgcc.a(_mul_sf.o)
